275 tickers con pertenencia continua
C:\Users\cmolina\Desktop\TFG_MATES\.venv\Lib\site-packages\yfinance\scrapers\history.py:204: Pandas4Warning: Timestamp.utcnow is deprecated and will be removed in a future version. Use Timestamp.now('UTC') instead.
  dt_now = pd.Timestamp.utcnow()
C:\Users\cmolina\Desktop\TFG_MATES\.venv\Lib\site-packages\yfinance\scrapers\history.py:204: Pandas4Warning: Timestamp.utcnow is deprecated and will be removed in a future version. Use Timestamp.now('UTC') instead.
  dt_now = pd.Timestamp.utcnow()
C:\Users\cmolina\Desktop\TFG_MATES\.venv\Lib\site-packages\yfinance\scrapers\history.py:204: Pandas4Warning: Timestamp.utcnow is deprecated and will be removed in a future version. Use Timestamp.now('UTC') instead.
  dt_now = pd.Timestamp.utcnow()
C:\Users\cmolina\Desktop\TFG_MATES\.venv\Lib\site-packages\yfinance\scrapers\history.py:204: Pandas4Warning: Timestamp.utcnow is deprecated and will be removed in a future version. Use Timestamp.now('UTC') instead.
  dt_now = pd.Timestamp.utcnow()
C:\Users\cmolina\Desktop\TFG_MATES\.venv\Lib\site-packages\yfinance\scrapers\history.py:204: Pandas4Warning: Timestamp.utcnow is deprecated and will be removed in a future version. Use Timestamp.now('UTC') instead.
  dt_now = pd.Timestamp.utcnow()
C:\Users\cmolina\Desktop\TFG_MATES\.venv\Lib\site-packages\yfinance\scrapers\history.py:204: Pandas4Warning: Timestamp.utcnow is deprecated and will be removed in a future version. Use Timestamp.now('UTC') instead.
  dt_now = pd.Timestamp.utcnow()
C:\Users\cmolina\Desktop\TFG_MATES\.venv\Lib\site-packages\yfinance\scrapers\history.py:204: Pandas4Warning: Timestamp.utcnow is deprecated and will be removed in a future version. Use Timestamp.now('UTC') instead.
  dt_now = pd.Timestamp.utcnow()
C:\Users\cmolina\Desktop\TFG_MATES\.venv\Lib\site-packages\yfinance\scrapers\history.py:204: Pandas4Warning: Timestamp.utcnow is deprecated and will be removed in a future version. Use Timestamp.now('UTC') instead.
  dt_now = pd.Timestamp.utcnow()
C:\Users\cmolina\Desktop\TFG_MATES\.venv\Lib\site-packages\yfinance\scrapers\history.py:204: Pandas4Warning: Timestamp.utcnow is deprecated and will be removed in a future version. Use Timestamp.now('UTC') instead.
  dt_now = pd.Timestamp.utcnow()
C:\Users\cmolina\Desktop\TFG_MATES\.venv\Lib\site-packages\yfinance\scrapers\history.py:204: Pandas4Warning: Timestamp.utcnow is deprecated and will be removed in a future version. Use Timestamp.now('UTC') instead.
  dt_now = pd.Timestamp.utcnow()
C:\Users\cmolina\Desktop\TFG_MATES\.venv\Lib\site-packages\yfinance\scrapers\history.py:204: Pandas4Warning: Timestamp.utcnow is deprecated and will be removed in a future version. Use Timestamp.now('UTC') instead.
  dt_now = pd.Timestamp.utcnow()
C:\Users\cmolina\Desktop\TFG_MATES\.venv\Lib\site-packages\yfinance\scrapers\history.py:204: Pandas4Warning: Timestamp.utcnow is deprecated and will be removed in a future version. Use Timestamp.now('UTC') instead.
  dt_now = pd.Timestamp.utcnow()
C:\Users\cmolina\Desktop\TFG_MATES\.venv\Lib\site-packages\yfinance\scrapers\history.py:204: Pandas4Warning: Timestamp.utcnow is deprecated and will be removed in a future version. Use Timestamp.now('UTC') instead.
  dt_now = pd.Timestamp.utcnow()
C:\Users\cmolina\Desktop\TFG_MATES\.venv\Lib\site-packages\yfinance\scrapers\history.py:204: Pandas4Warning: Timestamp.utcnow is deprecated and will be removed in a future version. Use Timestamp.now('UTC') instead.
  dt_now = pd.Timestamp.utcnow()
C:\Users\cmolina\Desktop\TFG_MATES\.venv\Lib\site-packages\yfinance\scrapers\history.py:204: Pandas4Warning: Timestamp.utcnow is deprecated and will be removed in a future version. Use Timestamp.now('UTC') instead.
  dt_now = pd.Timestamp.utcnow()
C:\Users\cmolina\Desktop\TFG_MATES\.venv\Lib\site-packages\yfinance\scrapers\history.py:204: Pandas4Warning: Timestamp.utcnow is deprecated and will be removed in a future version. Use Timestamp.now('UTC') instead.
  dt_now = pd.Timestamp.utcnow()
C:\Users\cmolina\Desktop\TFG_MATES\.venv\Lib\site-packages\yfinance\scrapers\history.py:204: Pandas4Warning: Timestamp.utcnow is deprecated and will be removed in a future version. Use Timestamp.now('UTC') instead.
  dt_now = pd.Timestamp.utcnow()
C:\Users\cmolina\Desktop\TFG_MATES\.venv\Lib\site-packages\yfinance\scrapers\history.py:204: Pandas4Warning: Timestamp.utcnow is deprecated and will be removed in a future version. Use Timestamp.now('UTC') instead.
  dt_now = pd.Timestamp.utcnow()
C:\Users\cmolina\Desktop\TFG_MATES\.venv\Lib\site-packages\yfinance\scrapers\history.py:204: Pandas4Warning: Timestamp.utcnow is deprecated and will be removed in a future version. Use Timestamp.now('UTC') instead.
  dt_now = pd.Timestamp.utcnow()
C:\Users\cmolina\Desktop\TFG_MATES\.venv\Lib\site-packages\yfinance\scrapers\history.py:204: Pandas4Warning: Timestamp.utcnow is deprecated and will be removed in a future version. Use Timestamp.now('UTC') instead.
  dt_now = pd.Timestamp.utcnow()
C:\Users\cmolina\Desktop\TFG_MATES\.venv\Lib\site-packages\yfinance\scrapers\history.py:204: Pandas4Warning: Timestamp.utcnow is deprecated and will be removed in a future version. Use Timestamp.now('UTC') instead.
  dt_now = pd.Timestamp.utcnow()
C:\Users\cmolina\Desktop\TFG_MATES\.venv\Lib\site-packages\yfinance\scrapers\history.py:204: Pandas4Warning: Timestamp.utcnow is deprecated and will be removed in a future version. Use Timestamp.now('UTC') instead.
  dt_now = pd.Timestamp.utcnow()
C:\Users\cmolina\Desktop\TFG_MATES\.venv\Lib\site-packages\yfinance\scrapers\history.py:204: Pandas4Warning: Timestamp.utcnow is deprecated and will be removed in a future version. Use Timestamp.now('UTC') instead.
  dt_now = pd.Timestamp.utcnow()
C:\Users\cmolina\Desktop\TFG_MATES\.venv\Lib\site-packages\yfinance\scrapers\quote.py:700: Pandas4Warning: Timestamp.utcnow is deprecated and will be removed in a future version. Use Timestamp.now('UTC') instead.
  start = pd.Timestamp.utcnow().floor("D") - datetime.timedelta(days=365 // 2)
C:\Users\cmolina\Desktop\TFG_MATES\.venv\Lib\site-packages\yfinance\scrapers\quote.py:702: Pandas4Warning: Timestamp.utcnow is deprecated and will be removed in a future version. Use Timestamp.now('UTC') instead.
  end = pd.Timestamp.utcnow().ceil("D")
C:\Users\cmolina\Desktop\TFG_MATES\.venv\Lib\site-packages\yfinance\scrapers\history.py:204: Pandas4Warning: Timestamp.utcnow is deprecated and will be removed in a future version. Use Timestamp.now('UTC') instead.
  dt_now = pd.Timestamp.utcnow()
C:\Users\cmolina\Desktop\TFG_MATES\.venv\Lib\site-packages\yfinance\scrapers\history.py:204: Pandas4Warning: Timestamp.utcnow is deprecated and will be removed in a future version. Use Timestamp.now('UTC') instead.
  dt_now = pd.Timestamp.utcnow()
C:\Users\cmolina\Desktop\TFG_MATES\.venv\Lib\site-packages\yfinance\scrapers\history.py:204: Pandas4Warning: Timestamp.utcnow is deprecated and will be removed in a future version. Use Timestamp.now('UTC') instead.
  dt_now = pd.Timestamp.utcnow()
C:\Users\cmolina\Desktop\TFG_MATES\.venv\Lib\site-packages\yfinance\scrapers\history.py:204: Pandas4Warning: Timestamp.utcnow is deprecated and will be removed in a future version. Use Timestamp.now('UTC') instead.
  dt_now = pd.Timestamp.utcnow()
C:\Users\cmolina\Desktop\TFG_MATES\.venv\Lib\site-packages\yfinance\scrapers\history.py:204: Pandas4Warning: Timestamp.utcnow is deprecated and will be removed in a future version. Use Timestamp.now('UTC') instead.
  dt_now = pd.Timestamp.utcnow()
C:\Users\cmolina\Desktop\TFG_MATES\.venv\Lib\site-packages\yfinance\scrapers\history.py:204: Pandas4Warning: Timestamp.utcnow is deprecated and will be removed in a future version. Use Timestamp.now('UTC') instead.
  dt_now = pd.Timestamp.utcnow()
C:\Users\cmolina\Desktop\TFG_MATES\.venv\Lib\site-packages\yfinance\scrapers\history.py:204: Pandas4Warning: Timestamp.utcnow is deprecated and will be removed in a future version. Use Timestamp.now('UTC') instead.
  dt_now = pd.Timestamp.utcnow()
C:\Users\cmolina\Desktop\TFG_MATES\.venv\Lib\site-packages\yfinance\scrapers\history.py:204: Pandas4Warning: Timestamp.utcnow is deprecated and will be removed in a future version. Use Timestamp.now('UTC') instead.
  dt_now = pd.Timestamp.utcnow()
C:\Users\cmolina\Desktop\TFG_MATES\.venv\Lib\site-packages\yfinance\scrapers\history.py:204: Pandas4Warning: Timestamp.utcnow is deprecated and will be removed in a future version. Use Timestamp.now('UTC') instead.
  dt_now = pd.Timestamp.utcnow()
C:\Users\cmolina\Desktop\TFG_MATES\.venv\Lib\site-packages\yfinance\scrapers\history.py:204: Pandas4Warning: Timestamp.utcnow is deprecated and will be removed in a future version. Use Timestamp.now('UTC') instead.
  dt_now = pd.Timestamp.utcnow()

2 Failed downloads:
['BRK.B']: YFTzMissingError('possibly delisted; no timezone found')
['BF.B']: YFPricesMissingError('possibly delisted; no price data found  (1d 2012-01-03 -> 2026-08-01)')
C:\Users\cmolina\Desktop\TFG_MATES\.venv\Lib\site-packages\yfinance\scrapers\history.py:204: Pandas4Warning: Timestamp.utcnow is deprecated and will be removed in a future version. Use Timestamp.now('UTC') instead.
  dt_now = pd.Timestamp.utcnow()
C:\Users\cmolina\Desktop\TFG_MATES\.venv\Lib\site-packages\yfinance\scrapers\history.py:204: Pandas4Warning: Timestamp.utcnow is deprecated and will be removed in a future version. Use Timestamp.now('UTC') instead.
  dt_now = pd.Timestamp.utcnow()
C:\Users\cmolina\Desktop\TFG_MATES\.venv\Lib\site-packages\yfinance\scrapers\history.py:204: Pandas4Warning: Timestamp.utcnow is deprecated and will be removed in a future version. Use Timestamp.now('UTC') instead.
  dt_now = pd.Timestamp.utcnow()
C:\Users\cmolina\Desktop\TFG_MATES\.venv\Lib\site-packages\yfinance\scrapers\history.py:204: Pandas4Warning: Timestamp.utcnow is deprecated and will be removed in a future version. Use Timestamp.now('UTC') instead.
  dt_now = pd.Timestamp.utcnow()
C:\Users\cmolina\Desktop\TFG_MATES\.venv\Lib\site-packages\yfinance\scrapers\history.py:204: Pandas4Warning: Timestamp.utcnow is deprecated and will be removed in a future version. Use Timestamp.now('UTC') instead.
  dt_now = pd.Timestamp.utcnow()
C:\Users\cmolina\Desktop\TFG_MATES\.venv\Lib\site-packages\yfinance\scrapers\history.py:204: Pandas4Warning: Timestamp.utcnow is deprecated and will be removed in a future version. Use Timestamp.now('UTC') instead.
  dt_now = pd.Timestamp.utcnow()
C:\Users\cmolina\Desktop\TFG_MATES\.venv\Lib\site-packages\yfinance\scrapers\history.py:204: Pandas4Warning: Timestamp.utcnow is deprecated and will be removed in a future version. Use Timestamp.now('UTC') instead.
  dt_now = pd.Timestamp.utcnow()
C:\Users\cmolina\Desktop\TFG_MATES\.venv\Lib\site-packages\yfinance\scrapers\history.py:204: Pandas4Warning: Timestamp.utcnow is deprecated and will be removed in a future version. Use Timestamp.now('UTC') instead.
  dt_now = pd.Timestamp.utcnow()
C:\Users\cmolina\Desktop\TFG_MATES\.venv\Lib\site-packages\yfinance\scrapers\history.py:204: Pandas4Warning: Timestamp.utcnow is deprecated and will be removed in a future version. Use Timestamp.now('UTC') instead.
  dt_now = pd.Timestamp.utcnow()
C:\Users\cmolina\Desktop\TFG_MATES\.venv\Lib\site-packages\yfinance\scrapers\history.py:204: Pandas4Warning: Timestamp.utcnow is deprecated and will be removed in a future version. Use Timestamp.now('UTC') instead.
  dt_now = pd.Timestamp.utcnow()
C:\Users\cmolina\Desktop\TFG_MATES\.venv\Lib\site-packages\yfinance\scrapers\history.py:204: Pandas4Warning: Timestamp.utcnow is deprecated and will be removed in a future version. Use Timestamp.now('UTC') instead.
  dt_now = pd.Timestamp.utcnow()
C:\Users\cmolina\Desktop\TFG_MATES\.venv\Lib\site-packages\yfinance\scrapers\history.py:204: Pandas4Warning: Timestamp.utcnow is deprecated and will be removed in a future version. Use Timestamp.now('UTC') instead.
  dt_now = pd.Timestamp.utcnow()
C:\Users\cmolina\Desktop\TFG_MATES\.venv\Lib\site-packages\yfinance\scrapers\history.py:204: Pandas4Warning: Timestamp.utcnow is deprecated and will be removed in a future version. Use Timestamp.now('UTC') instead.
  dt_now = pd.Timestamp.utcnow()
C:\Users\cmolina\Desktop\TFG_MATES\.venv\Lib\site-packages\yfinance\scrapers\history.py:204: Pandas4Warning: Timestamp.utcnow is deprecated and will be removed in a future version. Use Timestamp.now('UTC') instead.
  dt_now = pd.Timestamp.utcnow()
C:\Users\cmolina\Desktop\TFG_MATES\.venv\Lib\site-packages\yfinance\scrapers\history.py:204: Pandas4Warning: Timestamp.utcnow is deprecated and will be removed in a future version. Use Timestamp.now('UTC') instead.
  dt_now = pd.Timestamp.utcnow()
C:\Users\cmolina\Desktop\TFG_MATES\.venv\Lib\site-packages\yfinance\scrapers\history.py:204: Pandas4Warning: Timestamp.utcnow is deprecated and will be removed in a future version. Use Timestamp.now('UTC') instead.
  dt_now = pd.Timestamp.utcnow()
C:\Users\cmolina\Desktop\TFG_MATES\.venv\Lib\site-packages\yfinance\scrapers\history.py:204: Pandas4Warning: Timestamp.utcnow is deprecated and will be removed in a future version. Use Timestamp.now('UTC') instead.
  dt_now = pd.Timestamp.utcnow()
C:\Users\cmolina\Desktop\TFG_MATES\.venv\Lib\site-packages\yfinance\scrapers\history.py:204: Pandas4Warning: Timestamp.utcnow is deprecated and will be removed in a future version. Use Timestamp.now('UTC') instead.
  dt_now = pd.Timestamp.utcnow()
C:\Users\cmolina\Desktop\TFG_MATES\.venv\Lib\site-packages\yfinance\scrapers\history.py:204: Pandas4Warning: Timestamp.utcnow is deprecated and will be removed in a future version. Use Timestamp.now('UTC') instead.
  dt_now = pd.Timestamp.utcnow()
C:\Users\cmolina\Desktop\TFG_MATES\.venv\Lib\site-packages\yfinance\scrapers\history.py:204: Pandas4Warning: Timestamp.utcnow is deprecated and will be removed in a future version. Use Timestamp.now('UTC') instead.
  dt_now = pd.Timestamp.utcnow()
C:\Users\cmolina\Desktop\TFG_MATES\.venv\Lib\site-packages\yfinance\scrapers\history.py:204: Pandas4Warning: Timestamp.utcnow is deprecated and will be removed in a future version. Use Timestamp.now('UTC') instead.
  dt_now = pd.Timestamp.utcnow()
C:\Users\cmolina\Desktop\TFG_MATES\.venv\Lib\site-packages\yfinance\scrapers\history.py:204: Pandas4Warning: Timestamp.utcnow is deprecated and will be removed in a future version. Use Timestamp.now('UTC') instead.
  dt_now = pd.Timestamp.utcnow()
C:\Users\cmolina\Desktop\TFG_MATES\.venv\Lib\site-packages\yfinance\scrapers\history.py:204: Pandas4Warning: Timestamp.utcnow is deprecated and will be removed in a future version. Use Timestamp.now('UTC') instead.
  dt_now = pd.Timestamp.utcnow()
C:\Users\cmolina\Desktop\TFG_MATES\.venv\Lib\site-packages\yfinance\scrapers\history.py:204: Pandas4Warning: Timestamp.utcnow is deprecated and will be removed in a future version. Use Timestamp.now('UTC') instead.
  dt_now = pd.Timestamp.utcnow()
C:\Users\cmolina\Desktop\TFG_MATES\.venv\Lib\site-packages\yfinance\scrapers\history.py:204: Pandas4Warning: Timestamp.utcnow is deprecated and will be removed in a future version. Use Timestamp.now('UTC') instead.
  dt_now = pd.Timestamp.utcnow()
C:\Users\cmolina\Desktop\TFG_MATES\.venv\Lib\site-packages\yfinance\scrapers\history.py:204: Pandas4Warning: Timestamp.utcnow is deprecated and will be removed in a future version. Use Timestamp.now('UTC') instead.
  dt_now = pd.Timestamp.utcnow()
C:\Users\cmolina\Desktop\TFG_MATES\.venv\Lib\site-packages\yfinance\scrapers\history.py:204: Pandas4Warning: Timestamp.utcnow is deprecated and will be removed in a future version. Use Timestamp.now('UTC') instead.
  dt_now = pd.Timestamp.utcnow()
C:\Users\cmolina\Desktop\TFG_MATES\.venv\Lib\site-packages\yfinance\scrapers\history.py:204: Pandas4Warning: Timestamp.utcnow is deprecated and will be removed in a future version. Use Timestamp.now('UTC') instead.
  dt_now = pd.Timestamp.utcnow()
C:\Users\cmolina\Desktop\TFG_MATES\.venv\Lib\site-packages\yfinance\scrapers\history.py:204: Pandas4Warning: Timestamp.utcnow is deprecated and will be removed in a future version. Use Timestamp.now('UTC') instead.
  dt_now = pd.Timestamp.utcnow()
C:\Users\cmolina\Desktop\TFG_MATES\.venv\Lib\site-packages\yfinance\scrapers\history.py:204: Pandas4Warning: Timestamp.utcnow is deprecated and will be removed in a future version. Use Timestamp.now('UTC') instead.
  dt_now = pd.Timestamp.utcnow()
C:\Users\cmolina\Desktop\TFG_MATES\.venv\Lib\site-packages\yfinance\scrapers\history.py:204: Pandas4Warning: Timestamp.utcnow is deprecated and will be removed in a future version. Use Timestamp.now('UTC') instead.
  dt_now = pd.Timestamp.utcnow()
C:\Users\cmolina\Desktop\TFG_MATES\.venv\Lib\site-packages\yfinance\scrapers\history.py:204: Pandas4Warning: Timestamp.utcnow is deprecated and will be removed in a future version. Use Timestamp.now('UTC') instead.
  dt_now = pd.Timestamp.utcnow()
C:\Users\cmolina\Desktop\TFG_MATES\.venv\Lib\site-packages\yfinance\scrapers\history.py:204: Pandas4Warning: Timestamp.utcnow is deprecated and will be removed in a future version. Use Timestamp.now('UTC') instead.
  dt_now = pd.Timestamp.utcnow()
C:\Users\cmolina\Desktop\TFG_MATES\.venv\Lib\site-packages\yfinance\scrapers\history.py:204: Pandas4Warning: Timestamp.utcnow is deprecated and will be removed in a future version. Use Timestamp.now('UTC') instead.
  dt_now = pd.Timestamp.utcnow()
C:\Users\cmolina\Desktop\TFG_MATES\.venv\Lib\site-packages\yfinance\scrapers\history.py:204: Pandas4Warning: Timestamp.utcnow is deprecated and will be removed in a future version. Use Timestamp.now('UTC') instead.
  dt_now = pd.Timestamp.utcnow()
C:\Users\cmolina\Desktop\TFG_MATES\.venv\Lib\site-packages\yfinance\scrapers\history.py:204: Pandas4Warning: Timestamp.utcnow is deprecated and will be removed in a future version. Use Timestamp.now('UTC') instead.
  dt_now = pd.Timestamp.utcnow()
C:\Users\cmolina\Desktop\TFG_MATES\.venv\Lib\site-packages\yfinance\scrapers\history.py:204: Pandas4Warning: Timestamp.utcnow is deprecated and will be removed in a future version. Use Timestamp.now('UTC') instead.
  dt_now = pd.Timestamp.utcnow()
C:\Users\cmolina\Desktop\TFG_MATES\.venv\Lib\site-packages\yfinance\scrapers\history.py:204: Pandas4Warning: Timestamp.utcnow is deprecated and will be removed in a future version. Use Timestamp.now('UTC') instead.
  dt_now = pd.Timestamp.utcnow()
C:\Users\cmolina\Desktop\TFG_MATES\.venv\Lib\site-packages\yfinance\scrapers\history.py:204: Pandas4Warning: Timestamp.utcnow is deprecated and will be removed in a future version. Use Timestamp.now('UTC') instead.
  dt_now = pd.Timestamp.utcnow()
C:\Users\cmolina\Desktop\TFG_MATES\.venv\Lib\site-packages\yfinance\scrapers\history.py:204: Pandas4Warning: Timestamp.utcnow is deprecated and will be removed in a future version. Use Timestamp.now('UTC') instead.
  dt_now = pd.Timestamp.utcnow()
C:\Users\cmolina\Desktop\TFG_MATES\.venv\Lib\site-packages\yfinance\scrapers\history.py:204: Pandas4Warning: Timestamp.utcnow is deprecated and will be removed in a future version. Use Timestamp.now('UTC') instead.
  dt_now = pd.Timestamp.utcnow()
C:\Users\cmolina\Desktop\TFG_MATES\.venv\Lib\site-packages\yfinance\scrapers\history.py:204: Pandas4Warning: Timestamp.utcnow is deprecated and will be removed in a future version. Use Timestamp.now('UTC') instead.
  dt_now = pd.Timestamp.utcnow()
C:\Users\cmolina\Desktop\TFG_MATES\.venv\Lib\site-packages\yfinance\scrapers\history.py:204: Pandas4Warning: Timestamp.utcnow is deprecated and will be removed in a future version. Use Timestamp.now('UTC') instead.
  dt_now = pd.Timestamp.utcnow()
C:\Users\cmolina\Desktop\TFG_MATES\.venv\Lib\site-packages\yfinance\scrapers\history.py:204: Pandas4Warning: Timestamp.utcnow is deprecated and will be removed in a future version. Use Timestamp.now('UTC') instead.
  dt_now = pd.Timestamp.utcnow()
C:\Users\cmolina\Desktop\TFG_MATES\.venv\Lib\site-packages\yfinance\scrapers\history.py:204: Pandas4Warning: Timestamp.utcnow is deprecated and will be removed in a future version. Use Timestamp.now('UTC') instead.
  dt_now = pd.Timestamp.utcnow()
C:\Users\cmolina\Desktop\TFG_MATES\.venv\Lib\site-packages\yfinance\scrapers\history.py:204: Pandas4Warning: Timestamp.utcnow is deprecated and will be removed in a future version. Use Timestamp.now('UTC') instead.
  dt_now = pd.Timestamp.utcnow()
C:\Users\cmolina\Desktop\TFG_MATES\.venv\Lib\site-packages\yfinance\scrapers\history.py:204: Pandas4Warning: Timestamp.utcnow is deprecated and will be removed in a future version. Use Timestamp.now('UTC') instead.
  dt_now = pd.Timestamp.utcnow()
C:\Users\cmolina\Desktop\TFG_MATES\.venv\Lib\site-packages\yfinance\scrapers\history.py:204: Pandas4Warning: Timestamp.utcnow is deprecated and will be removed in a future version. Use Timestamp.now('UTC') instead.
  dt_now = pd.Timestamp.utcnow()
C:\Users\cmolina\Desktop\TFG_MATES\.venv\Lib\site-packages\yfinance\scrapers\history.py:204: Pandas4Warning: Timestamp.utcnow is deprecated and will be removed in a future version. Use Timestamp.now('UTC') instead.
  dt_now = pd.Timestamp.utcnow()
C:\Users\cmolina\Desktop\TFG_MATES\.venv\Lib\site-packages\yfinance\scrapers\history.py:204: Pandas4Warning: Timestamp.utcnow is deprecated and will be removed in a future version. Use Timestamp.now('UTC') instead.
  dt_now = pd.Timestamp.utcnow()
C:\Users\cmolina\Desktop\TFG_MATES\.venv\Lib\site-packages\yfinance\scrapers\history.py:204: Pandas4Warning: Timestamp.utcnow is deprecated and will be removed in a future version. Use Timestamp.now('UTC') instead.
  dt_now = pd.Timestamp.utcnow()
C:\Users\cmolina\Desktop\TFG_MATES\.venv\Lib\site-packages\yfinance\scrapers\history.py:204: Pandas4Warning: Timestamp.utcnow is deprecated and will be removed in a future version. Use Timestamp.now('UTC') instead.
  dt_now = pd.Timestamp.utcnow()
C:\Users\cmolina\Desktop\TFG_MATES\.venv\Lib\site-packages\yfinance\scrapers\history.py:204: Pandas4Warning: Timestamp.utcnow is deprecated and will be removed in a future version. Use Timestamp.now('UTC') instead.
  dt_now = pd.Timestamp.utcnow()
C:\Users\cmolina\Desktop\TFG_MATES\.venv\Lib\site-packages\yfinance\scrapers\history.py:204: Pandas4Warning: Timestamp.utcnow is deprecated and will be removed in a future version. Use Timestamp.now('UTC') instead.
  dt_now = pd.Timestamp.utcnow()
C:\Users\cmolina\Desktop\TFG_MATES\.venv\Lib\site-packages\yfinance\scrapers\history.py:204: Pandas4Warning: Timestamp.utcnow is deprecated and will be removed in a future version. Use Timestamp.now('UTC') instead.
  dt_now = pd.Timestamp.utcnow()
C:\Users\cmolina\Desktop\TFG_MATES\.venv\Lib\site-packages\yfinance\scrapers\history.py:204: Pandas4Warning: Timestamp.utcnow is deprecated and will be removed in a future version. Use Timestamp.now('UTC') instead.
  dt_now = pd.Timestamp.utcnow()
C:\Users\cmolina\Desktop\TFG_MATES\.venv\Lib\site-packages\yfinance\scrapers\history.py:204: Pandas4Warning: Timestamp.utcnow is deprecated and will be removed in a future version. Use Timestamp.now('UTC') instead.
  dt_now = pd.Timestamp.utcnow()
C:\Users\cmolina\Desktop\TFG_MATES\.venv\Lib\site-packages\yfinance\scrapers\history.py:204: Pandas4Warning: Timestamp.utcnow is deprecated and will be removed in a future version. Use Timestamp.now('UTC') instead.
  dt_now = pd.Timestamp.utcnow()
C:\Users\cmolina\Desktop\TFG_MATES\.venv\Lib\site-packages\yfinance\scrapers\history.py:204: Pandas4Warning: Timestamp.utcnow is deprecated and will be removed in a future version. Use Timestamp.now('UTC') instead.
  dt_now = pd.Timestamp.utcnow()
C:\Users\cmolina\Desktop\TFG_MATES\.venv\Lib\site-packages\yfinance\scrapers\history.py:204: Pandas4Warning: Timestamp.utcnow is deprecated and will be removed in a future version. Use Timestamp.now('UTC') instead.
  dt_now = pd.Timestamp.utcnow()
C:\Users\cmolina\Desktop\TFG_MATES\.venv\Lib\site-packages\yfinance\scrapers\history.py:204: Pandas4Warning: Timestamp.utcnow is deprecated and will be removed in a future version. Use Timestamp.now('UTC') instead.
  dt_now = pd.Timestamp.utcnow()
C:\Users\cmolina\Desktop\TFG_MATES\.venv\Lib\site-packages\yfinance\scrapers\history.py:204: Pandas4Warning: Timestamp.utcnow is deprecated and will be removed in a future version. Use Timestamp.now('UTC') instead.
  dt_now = pd.Timestamp.utcnow()
C:\Users\cmolina\Desktop\TFG_MATES\.venv\Lib\site-packages\yfinance\scrapers\history.py:204: Pandas4Warning: Timestamp.utcnow is deprecated and will be removed in a future version. Use Timestamp.now('UTC') instead.
  dt_now = pd.Timestamp.utcnow()
C:\Users\cmolina\Desktop\TFG_MATES\.venv\Lib\site-packages\yfinance\scrapers\history.py:204: Pandas4Warning: Timestamp.utcnow is deprecated and will be removed in a future version. Use Timestamp.now('UTC') instead.
  dt_now = pd.Timestamp.utcnow()
C:\Users\cmolina\Desktop\TFG_MATES\.venv\Lib\site-packages\yfinance\scrapers\history.py:204: Pandas4Warning: Timestamp.utcnow is deprecated and will be removed in a future version. Use Timestamp.now('UTC') instead.
  dt_now = pd.Timestamp.utcnow()
C:\Users\cmolina\Desktop\TFG_MATES\.venv\Lib\site-packages\yfinance\scrapers\history.py:204: Pandas4Warning: Timestamp.utcnow is deprecated and will be removed in a future version. Use Timestamp.now('UTC') instead.
  dt_now = pd.Timestamp.utcnow()
C:\Users\cmolina\Desktop\TFG_MATES\.venv\Lib\site-packages\yfinance\scrapers\history.py:204: Pandas4Warning: Timestamp.utcnow is deprecated and will be removed in a future version. Use Timestamp.now('UTC') instead.
  dt_now = pd.Timestamp.utcnow()
C:\Users\cmolina\Desktop\TFG_MATES\.venv\Lib\site-packages\yfinance\scrapers\history.py:204: Pandas4Warning: Timestamp.utcnow is deprecated and will be removed in a future version. Use Timestamp.now('UTC') instead.
  dt_now = pd.Timestamp.utcnow()
C:\Users\cmolina\Desktop\TFG_MATES\.venv\Lib\site-packages\yfinance\scrapers\history.py:204: Pandas4Warning: Timestamp.utcnow is deprecated and will be removed in a future version. Use Timestamp.now('UTC') instead.
  dt_now = pd.Timestamp.utcnow()
C:\Users\cmolina\Desktop\TFG_MATES\.venv\Lib\site-packages\yfinance\scrapers\history.py:204: Pandas4Warning: Timestamp.utcnow is deprecated and will be removed in a future version. Use Timestamp.now('UTC') instead.
  dt_now = pd.Timestamp.utcnow()
C:\Users\cmolina\Desktop\TFG_MATES\.venv\Lib\site-packages\yfinance\scrapers\history.py:204: Pandas4Warning: Timestamp.utcnow is deprecated and will be removed in a future version. Use Timestamp.now('UTC') instead.
  dt_now = pd.Timestamp.utcnow()
C:\Users\cmolina\Desktop\TFG_MATES\.venv\Lib\site-packages\yfinance\scrapers\history.py:204: Pandas4Warning: Timestamp.utcnow is deprecated and will be removed in a future version. Use Timestamp.now('UTC') instead.
  dt_now = pd.Timestamp.utcnow()
C:\Users\cmolina\Desktop\TFG_MATES\.venv\Lib\site-packages\yfinance\scrapers\history.py:204: Pandas4Warning: Timestamp.utcnow is deprecated and will be removed in a future version. Use Timestamp.now('UTC') instead.
  dt_now = pd.Timestamp.utcnow()
C:\Users\cmolina\Desktop\TFG_MATES\.venv\Lib\site-packages\yfinance\scrapers\history.py:204: Pandas4Warning: Timestamp.utcnow is deprecated and will be removed in a future version. Use Timestamp.now('UTC') instead.
  dt_now = pd.Timestamp.utcnow()
C:\Users\cmolina\Desktop\TFG_MATES\.venv\Lib\site-packages\yfinance\scrapers\history.py:204: Pandas4Warning: Timestamp.utcnow is deprecated and will be removed in a future version. Use Timestamp.now('UTC') instead.
  dt_now = pd.Timestamp.utcnow()
C:\Users\cmolina\Desktop\TFG_MATES\.venv\Lib\site-packages\yfinance\scrapers\history.py:204: Pandas4Warning: Timestamp.utcnow is deprecated and will be removed in a future version. Use Timestamp.now('UTC') instead.
  dt_now = pd.Timestamp.utcnow()
C:\Users\cmolina\Desktop\TFG_MATES\.venv\Lib\site-packages\yfinance\scrapers\history.py:204: Pandas4Warning: Timestamp.utcnow is deprecated and will be removed in a future version. Use Timestamp.now('UTC') instead.
  dt_now = pd.Timestamp.utcnow()
C:\Users\cmolina\Desktop\TFG_MATES\.venv\Lib\site-packages\yfinance\scrapers\history.py:204: Pandas4Warning: Timestamp.utcnow is deprecated and will be removed in a future version. Use Timestamp.now('UTC') instead.
  dt_now = pd.Timestamp.utcnow()
C:\Users\cmolina\Desktop\TFG_MATES\.venv\Lib\site-packages\yfinance\scrapers\history.py:204: Pandas4Warning: Timestamp.utcnow is deprecated and will be removed in a future version. Use Timestamp.now('UTC') instead.
  dt_now = pd.Timestamp.utcnow()
C:\Users\cmolina\Desktop\TFG_MATES\.venv\Lib\site-packages\yfinance\scrapers\history.py:204: Pandas4Warning: Timestamp.utcnow is deprecated and will be removed in a future version. Use Timestamp.now('UTC') instead.
  dt_now = pd.Timestamp.utcnow()
C:\Users\cmolina\Desktop\TFG_MATES\.venv\Lib\site-packages\yfinance\scrapers\history.py:204: Pandas4Warning: Timestamp.utcnow is deprecated and will be removed in a future version. Use Timestamp.now('UTC') instead.
  dt_now = pd.Timestamp.utcnow()
C:\Users\cmolina\Desktop\TFG_MATES\.venv\Lib\site-packages\yfinance\scrapers\history.py:204: Pandas4Warning: Timestamp.utcnow is deprecated and will be removed in a future version. Use Timestamp.now('UTC') instead.
  dt_now = pd.Timestamp.utcnow()
C:\Users\cmolina\Desktop\TFG_MATES\.venv\Lib\site-packages\yfinance\scrapers\history.py:204: Pandas4Warning: Timestamp.utcnow is deprecated and will be removed in a future version. Use Timestamp.now('UTC') instead.
  dt_now = pd.Timestamp.utcnow()
C:\Users\cmolina\Desktop\TFG_MATES\.venv\Lib\site-packages\yfinance\scrapers\history.py:204: Pandas4Warning: Timestamp.utcnow is deprecated and will be removed in a future version. Use Timestamp.now('UTC') instead.
  dt_now = pd.Timestamp.utcnow()
C:\Users\cmolina\Desktop\TFG_MATES\.venv\Lib\site-packages\yfinance\scrapers\history.py:204: Pandas4Warning: Timestamp.utcnow is deprecated and will be removed in a future version. Use Timestamp.now('UTC') instead.
  dt_now = pd.Timestamp.utcnow()
C:\Users\cmolina\Desktop\TFG_MATES\.venv\Lib\site-packages\yfinance\scrapers\history.py:204: Pandas4Warning: Timestamp.utcnow is deprecated and will be removed in a future version. Use Timestamp.now('UTC') instead.
  dt_now = pd.Timestamp.utcnow()
C:\Users\cmolina\Desktop\TFG_MATES\.venv\Lib\site-packages\yfinance\scrapers\history.py:204: Pandas4Warning: Timestamp.utcnow is deprecated and will be removed in a future version. Use Timestamp.now('UTC') instead.
  dt_now = pd.Timestamp.utcnow()
C:\Users\cmolina\Desktop\TFG_MATES\.venv\Lib\site-packages\yfinance\scrapers\history.py:204: Pandas4Warning: Timestamp.utcnow is deprecated and will be removed in a future version. Use Timestamp.now('UTC') instead.
  dt_now = pd.Timestamp.utcnow()
C:\Users\cmolina\Desktop\TFG_MATES\.venv\Lib\site-packages\yfinance\scrapers\history.py:204: Pandas4Warning: Timestamp.utcnow is deprecated and will be removed in a future version. Use Timestamp.now('UTC') instead.
  dt_now = pd.Timestamp.utcnow()
C:\Users\cmolina\Desktop\TFG_MATES\.venv\Lib\site-packages\yfinance\scrapers\history.py:204: Pandas4Warning: Timestamp.utcnow is deprecated and will be removed in a future version. Use Timestamp.now('UTC') instead.
  dt_now = pd.Timestamp.utcnow()
C:\Users\cmolina\Desktop\TFG_MATES\.venv\Lib\site-packages\yfinance\scrapers\history.py:204: Pandas4Warning: Timestamp.utcnow is deprecated and will be removed in a future version. Use Timestamp.now('UTC') instead.
  dt_now = pd.Timestamp.utcnow()
C:\Users\cmolina\Desktop\TFG_MATES\.venv\Lib\site-packages\yfinance\scrapers\history.py:204: Pandas4Warning: Timestamp.utcnow is deprecated and will be removed in a future version. Use Timestamp.now('UTC') instead.
  dt_now = pd.Timestamp.utcnow()
C:\Users\cmolina\Desktop\TFG_MATES\.venv\Lib\site-packages\yfinance\scrapers\history.py:204: Pandas4Warning: Timestamp.utcnow is deprecated and will be removed in a future version. Use Timestamp.now('UTC') instead.
  dt_now = pd.Timestamp.utcnow()
C:\Users\cmolina\Desktop\TFG_MATES\.venv\Lib\site-packages\yfinance\scrapers\history.py:204: Pandas4Warning: Timestamp.utcnow is deprecated and will be removed in a future version. Use Timestamp.now('UTC') instead.
  dt_now = pd.Timestamp.utcnow()
C:\Users\cmolina\Desktop\TFG_MATES\.venv\Lib\site-packages\yfinance\scrapers\history.py:204: Pandas4Warning: Timestamp.utcnow is deprecated and will be removed in a future version. Use Timestamp.now('UTC') instead.
  dt_now = pd.Timestamp.utcnow()
C:\Users\cmolina\Desktop\TFG_MATES\.venv\Lib\site-packages\yfinance\scrapers\history.py:204: Pandas4Warning: Timestamp.utcnow is deprecated and will be removed in a future version. Use Timestamp.now('UTC') instead.
  dt_now = pd.Timestamp.utcnow()
C:\Users\cmolina\Desktop\TFG_MATES\.venv\Lib\site-packages\yfinance\scrapers\history.py:204: Pandas4Warning: Timestamp.utcnow is deprecated and will be removed in a future version. Use Timestamp.now('UTC') instead.
  dt_now = pd.Timestamp.utcnow()
C:\Users\cmolina\Desktop\TFG_MATES\.venv\Lib\site-packages\yfinance\scrapers\history.py:204: Pandas4Warning: Timestamp.utcnow is deprecated and will be removed in a future version. Use Timestamp.now('UTC') instead.
  dt_now = pd.Timestamp.utcnow()
C:\Users\cmolina\Desktop\TFG_MATES\.venv\Lib\site-packages\yfinance\scrapers\history.py:204: Pandas4Warning: Timestamp.utcnow is deprecated and will be removed in a future version. Use Timestamp.now('UTC') instead.
  dt_now = pd.Timestamp.utcnow()
C:\Users\cmolina\Desktop\TFG_MATES\.venv\Lib\site-packages\yfinance\scrapers\history.py:204: Pandas4Warning: Timestamp.utcnow is deprecated and will be removed in a future version. Use Timestamp.now('UTC') instead.
  dt_now = pd.Timestamp.utcnow()
C:\Users\cmolina\Desktop\TFG_MATES\.venv\Lib\site-packages\yfinance\scrapers\history.py:204: Pandas4Warning: Timestamp.utcnow is deprecated and will be removed in a future version. Use Timestamp.now('UTC') instead.
  dt_now = pd.Timestamp.utcnow()
C:\Users\cmolina\Desktop\TFG_MATES\.venv\Lib\site-packages\yfinance\scrapers\history.py:204: Pandas4Warning: Timestamp.utcnow is deprecated and will be removed in a future version. Use Timestamp.now('UTC') instead.
  dt_now = pd.Timestamp.utcnow()
C:\Users\cmolina\Desktop\TFG_MATES\.venv\Lib\site-packages\yfinance\scrapers\history.py:204: Pandas4Warning: Timestamp.utcnow is deprecated and will be removed in a future version. Use Timestamp.now('UTC') instead.
  dt_now = pd.Timestamp.utcnow()
C:\Users\cmolina\Desktop\TFG_MATES\.venv\Lib\site-packages\yfinance\scrapers\history.py:204: Pandas4Warning: Timestamp.utcnow is deprecated and will be removed in a future version. Use Timestamp.now('UTC') instead.
  dt_now = pd.Timestamp.utcnow()
C:\Users\cmolina\Desktop\TFG_MATES\.venv\Lib\site-packages\yfinance\scrapers\history.py:204: Pandas4Warning: Timestamp.utcnow is deprecated and will be removed in a future version. Use Timestamp.now('UTC') instead.
  dt_now = pd.Timestamp.utcnow()
C:\Users\cmolina\Desktop\TFG_MATES\.venv\Lib\site-packages\yfinance\scrapers\history.py:204: Pandas4Warning: Timestamp.utcnow is deprecated and will be removed in a future version. Use Timestamp.now('UTC') instead.
  dt_now = pd.Timestamp.utcnow()
C:\Users\cmolina\Desktop\TFG_MATES\.venv\Lib\site-packages\yfinance\scrapers\history.py:204: Pandas4Warning: Timestamp.utcnow is deprecated and will be removed in a future version. Use Timestamp.now('UTC') instead.
  dt_now = pd.Timestamp.utcnow()
C:\Users\cmolina\Desktop\TFG_MATES\.venv\Lib\site-packages\yfinance\scrapers\history.py:204: Pandas4Warning: Timestamp.utcnow is deprecated and will be removed in a future version. Use Timestamp.now('UTC') instead.
  dt_now = pd.Timestamp.utcnow()
C:\Users\cmolina\Desktop\TFG_MATES\.venv\Lib\site-packages\yfinance\scrapers\history.py:204: Pandas4Warning: Timestamp.utcnow is deprecated and will be removed in a future version. Use Timestamp.now('UTC') instead.
  dt_now = pd.Timestamp.utcnow()
C:\Users\cmolina\Desktop\TFG_MATES\.venv\Lib\site-packages\yfinance\scrapers\history.py:204: Pandas4Warning: Timestamp.utcnow is deprecated and will be removed in a future version. Use Timestamp.now('UTC') instead.
  dt_now = pd.Timestamp.utcnow()
C:\Users\cmolina\Desktop\TFG_MATES\.venv\Lib\site-packages\yfinance\scrapers\history.py:204: Pandas4Warning: Timestamp.utcnow is deprecated and will be removed in a future version. Use Timestamp.now('UTC') instead.
  dt_now = pd.Timestamp.utcnow()
C:\Users\cmolina\Desktop\TFG_MATES\.venv\Lib\site-packages\yfinance\scrapers\history.py:204: Pandas4Warning: Timestamp.utcnow is deprecated and will be removed in a future version. Use Timestamp.now('UTC') instead.
  dt_now = pd.Timestamp.utcnow()
C:\Users\cmolina\Desktop\TFG_MATES\.venv\Lib\site-packages\yfinance\scrapers\history.py:204: Pandas4Warning: Timestamp.utcnow is deprecated and will be removed in a future version. Use Timestamp.now('UTC') instead.
  dt_now = pd.Timestamp.utcnow()
C:\Users\cmolina\Desktop\TFG_MATES\.venv\Lib\site-packages\yfinance\scrapers\history.py:204: Pandas4Warning: Timestamp.utcnow is deprecated and will be removed in a future version. Use Timestamp.now('UTC') instead.
  dt_now = pd.Timestamp.utcnow()
C:\Users\cmolina\Desktop\TFG_MATES\.venv\Lib\site-packages\yfinance\scrapers\history.py:204: Pandas4Warning: Timestamp.utcnow is deprecated and will be removed in a future version. Use Timestamp.now('UTC') instead.
  dt_now = pd.Timestamp.utcnow()
C:\Users\cmolina\Desktop\TFG_MATES\.venv\Lib\site-packages\yfinance\scrapers\history.py:204: Pandas4Warning: Timestamp.utcnow is deprecated and will be removed in a future version. Use Timestamp.now('UTC') instead.
  dt_now = pd.Timestamp.utcnow()
C:\Users\cmolina\Desktop\TFG_MATES\.venv\Lib\site-packages\yfinance\scrapers\history.py:204: Pandas4Warning: Timestamp.utcnow is deprecated and will be removed in a future version. Use Timestamp.now('UTC') instead.
  dt_now = pd.Timestamp.utcnow()
C:\Users\cmolina\Desktop\TFG_MATES\.venv\Lib\site-packages\yfinance\scrapers\history.py:204: Pandas4Warning: Timestamp.utcnow is deprecated and will be removed in a future version. Use Timestamp.now('UTC') instead.
  dt_now = pd.Timestamp.utcnow()
C:\Users\cmolina\Desktop\TFG_MATES\.venv\Lib\site-packages\yfinance\scrapers\history.py:204: Pandas4Warning: Timestamp.utcnow is deprecated and will be removed in a future version. Use Timestamp.now('UTC') instead.
  dt_now = pd.Timestamp.utcnow()
C:\Users\cmolina\Desktop\TFG_MATES\.venv\Lib\site-packages\yfinance\scrapers\history.py:204: Pandas4Warning: Timestamp.utcnow is deprecated and will be removed in a future version. Use Timestamp.now('UTC') instead.
  dt_now = pd.Timestamp.utcnow()
C:\Users\cmolina\Desktop\TFG_MATES\.venv\Lib\site-packages\yfinance\scrapers\history.py:204: Pandas4Warning: Timestamp.utcnow is deprecated and will be removed in a future version. Use Timestamp.now('UTC') instead.
  dt_now = pd.Timestamp.utcnow()
C:\Users\cmolina\Desktop\TFG_MATES\.venv\Lib\site-packages\yfinance\scrapers\history.py:204: Pandas4Warning: Timestamp.utcnow is deprecated and will be removed in a future version. Use Timestamp.now('UTC') instead.
  dt_now = pd.Timestamp.utcnow()
C:\Users\cmolina\Desktop\TFG_MATES\.venv\Lib\site-packages\yfinance\scrapers\history.py:204: Pandas4Warning: Timestamp.utcnow is deprecated and will be removed in a future version. Use Timestamp.now('UTC') instead.
  dt_now = pd.Timestamp.utcnow()
C:\Users\cmolina\Desktop\TFG_MATES\.venv\Lib\site-packages\yfinance\scrapers\history.py:204: Pandas4Warning: Timestamp.utcnow is deprecated and will be removed in a future version. Use Timestamp.now('UTC') instead.
  dt_now = pd.Timestamp.utcnow()

1 Failed download:
['BF.B']: YFPricesMissingError('possibly delisted; no price data found  (1d 2012-01-03 -> 2026-08-01)')
C:\Users\cmolina\Desktop\TFG_MATES\.venv\Lib\site-packages\yfinance\scrapers\quote.py:700: Pandas4Warning: Timestamp.utcnow is deprecated and will be removed in a future version. Use Timestamp.now('UTC') instead.
  start = pd.Timestamp.utcnow().floor("D") - datetime.timedelta(days=365 // 2)
C:\Users\cmolina\Desktop\TFG_MATES\.venv\Lib\site-packages\yfinance\scrapers\quote.py:702: Pandas4Warning: Timestamp.utcnow is deprecated and will be removed in a future version. Use Timestamp.now('UTC') instead.
  end = pd.Timestamp.utcnow().ceil("D")

1 Failed download:
['BRK.B']: YFTzMissingError('possibly delisted; no timezone found')
precios (3665, 275) | rango 2012-01-03 a 2026-07-31
tickers vacios: ['BF.B', 'BRK.B']
huecos totales: 14,155 de 1,007,875 (1.40 %)
tiempo 0.6 min
